============================================================
TEST: regfiletype 
--------------------
Please specify one or more files.

Usage:
    /usr/bin/regfiletype <file> ...
--------------------
Exit code: 1
============================================================
TEST: regfiletype utils/testsuite/test.rga
--------------------
Regina data
XML Regina data file
Engine 5.0
--------------------
Exit code: 0
============================================================
TEST: regfiletype utils/testsuite/8-or.rga
--------------------
Regina data
XML Regina data file (compressed)
Engine 4.5
--------------------
Exit code: 0
============================================================
TEST: regfiletype utils/testsuite/b5.rga
--------------------
Regina data
XML Regina data file (compressed)
Engine 4.91
--------------------
Exit code: 0
============================================================
TEST: regfiletype /foo.rga
--------------------
Unknown file format or file could not be opened.
--------------------
Exit code: 0
============================================================
TEST: regfiletype utils/testsuite/bad.rga
--------------------
Unknown file format or file could not be opened.
--------------------
Exit code: 0
============================================================
TEST: regfiletype utils/testsuite/test.rga utils/testsuite/b5.rga
--------------------
[ utils/testsuite/test.rga ]
Regina data
XML Regina data file
Engine 5.0

[ utils/testsuite/b5.rga ]
Regina data
XML Regina data file (compressed)
Engine 4.91

--------------------
Exit code: 0
============================================================
TEST: regfiletype utils/testsuite/test.rga /foo.rga utils/testsuite/bad.rga utils/testsuite/b5.rga utils/testsuite/8-or.rga
--------------------
[ utils/testsuite/test.rga ]
Regina data
XML Regina data file
Engine 5.0

[ /foo.rga ]
Unknown file format or file could not be opened.

[ utils/testsuite/bad.rga ]
Unknown file format or file could not be opened.

[ utils/testsuite/b5.rga ]
Regina data
XML Regina data file (compressed)
Engine 4.91

[ utils/testsuite/8-or.rga ]
Regina data
XML Regina data file (compressed)
Engine 4.5

--------------------
Exit code: 0
============================================================
