============================================================
TEST: censuslookup 
--------------------
Please specify one or more isomorphism signatures.

Usage:
    /usr/bin/censuslookup <isosig> ...
--------------------
Exit code: 1
============================================================
TEST: censuslookup cPcbbbiht
--------------------
cPcbbbiht: 2 hits
    m004 : #1 -- Cusped hyperbolic census (orientable)
    L104001 -- Christy's collection of knot/link complements

--------------------
Exit code: 0
============================================================
TEST: censuslookup fvPQcdecedekrsnrs
--------------------
fvPQcdecedekrsnrs: 1 hit
    SFS [S2: (2,1) (3,1) (5,-4)] : #1 -- Closed census (orientable)

--------------------
Exit code: 0
============================================================
TEST: censuslookup foo
--------------------
foo: 0 hits

--------------------
Exit code: 0
============================================================
TEST: censuslookup cPcbbbiht foo fvPQcdecedekrsnrs eLPkbdcddhgggb
--------------------
cPcbbbiht: 2 hits
    m004 : #1 -- Cusped hyperbolic census (orientable)
    L104001 -- Christy's collection of knot/link complements

foo: 0 hits

fvPQcdecedekrsnrs: 1 hit
    SFS [S2: (2,1) (3,1) (5,-4)] : #1 -- Closed census (orientable)

eLPkbdcddhgggb: 3 hits
    m129 : #2 -- Cusped hyperbolic census (orientable)
    L205001 -- Christy's collection of knot/link complements
    L207008 -- Christy's collection of knot/link complements

--------------------
Exit code: 0
============================================================
